#-----------------------------------------------------------
# Webtalk v2020.1 (64-bit)
# SW Build 2902540 on Wed May 27 19:54:35 MDT 2020
# IP Build 2902112 on Wed May 27 22:43:36 MDT 2020
# Start of session at: Thu Nov 25 18:43:19 2021
# Process ID: 9469
# Current directory: /home/zqc/Desktop/ptech/finn/notebooks/end2end_example/test/output_tfc_w1a1_fpga/stitched_ip/finn_vivado_stitch_proj.sim/sim_1/behav/xsim
# Command line: wbtcv -mode batch -source /home/zqc/Desktop/ptech/finn/notebooks/end2end_example/test/output_tfc_w1a1_fpga/stitched_ip/finn_vivado_stitch_proj.sim/sim_1/behav/xsim/xsim.dir/tb_behav/webtalk/xsim_webtalk.tcl -notrace
# Log file: /home/zqc/Desktop/ptech/finn/notebooks/end2end_example/test/output_tfc_w1a1_fpga/stitched_ip/finn_vivado_stitch_proj.sim/sim_1/behav/xsim/webtalk.log
# Journal file: /home/zqc/Desktop/ptech/finn/notebooks/end2end_example/test/output_tfc_w1a1_fpga/stitched_ip/finn_vivado_stitch_proj.sim/sim_1/behav/xsim/webtalk.jou
#-----------------------------------------------------------
source /home/zqc/Desktop/ptech/finn/notebooks/end2end_example/test/output_tfc_w1a1_fpga/stitched_ip/finn_vivado_stitch_proj.sim/sim_1/behav/xsim/xsim.dir/tb_behav/webtalk/xsim_webtalk.tcl -notrace
